[2mInstalled [1m55 packages[0m [2min 170ms[0m[0m
Creating new Ultralytics Settings v0.0.7 file ✅ 
View Ultralytics Settings with 'yolo settings' or at '<redacted-local-path>'
Update Settings with 'yolo settings key=value', i.e. 'yolo settings runs_dir=path/to/dir'. For help see https://docs.ultralytics.com/quickstart/#ultralytics-settings.
Traceback (most recent call last):
  File "<redacted-local-path>", line 243, in <module>
    main()
  File "<redacted-local-path>", line 210, in main
    from ultralytics import YOLO
  File "<frozen importlib._bootstrap>", line 1412, in _handle_fromlist
  File "<redacted-local-path>", line 38, in __getattr__
    return getattr(importlib.import_module("ultralytics.models"), name)
                   ^^^^^^^^^^^^^^^^^^^^^^^^^^^^^^^^^^^^^^^^^^^^^
  File "/opt/tljh/user/lib/python3.12/importlib/__init__.py", line 90, in import_module
    return _bootstrap._gcd_import(name[level:], package, level)
           ^^^^^^^^^^^^^^^^^^^^^^^^^^^^^^^^^^^^^^^^^^^^^^^^^^^^
  File "<redacted-local-path>", line 3, in <module>
    from .fastsam import FastSAM
  File "<redacted-local-path>", line 3, in <module>
    from .model import FastSAM
  File "<redacted-local-path>", line 10, in <module>
    from .predict import FastSAMPredictor
  File "<redacted-local-path>", line 8, in <module>
    from ultralytics.models.yolo.segment import SegmentationPredictor
  File "<redacted-local-path>", line 3, in <module>
    from ultralytics.models.yolo import classify, depth, detect, obb, pose, segment, semantic, world, yoloe
  File "<redacted-local-path>", line 4, in <module>
    from .train import SemanticSegmentationTrainer
  File "<redacted-local-path>", line 8, in <module>
    import matplotlib.pyplot as plt
  File "<redacted-local-path>", line 1289, in <module>
    rcParams['backend'] = os.environ.get('MPLBACKEND')
    ~~~~~~~~^^^^^^^^^^^
  File "<redacted-local-path>", line 781, in __setitem__
    raise ValueError(f"Key {key}: {ve}") from None
ValueError: Key backend: 'module://matplotlib_inline.backend_inline' is not a valid value for backend; supported values are ['gtk3agg', 'gtk3cairo', 'gtk4agg', 'gtk4cairo', 'macosx', 'nbagg', 'notebook', 'qtagg', 'qtcairo', 'qt5agg', 'qt5cairo', 'tkagg', 'tkcairo', 'webagg', 'wx', 'wxagg', 'wxcairo', 'agg', 'cairo', 'pdf', 'pgf', 'ps', 'svg', 'template']
