nohup: ignoring input
Downloading...
From (original): https://drive.google.com/uc?id=1uh7tO34tMf73MJfFqyFEGx42UBktTbZU
From (redirected): https://drive.google.com/uc?id=1uh7tO34tMf73MJfFqyFEGx42UBktTbZU&confirm=t&uuid=ec2bbd07-5d88-45b1-9c47-9c39df670656
To: <redacted-local-path>

  0%|          | 0.00/1.77G [00:00<?, ?B/s]
  0%|          | 524k/1.77G [00:00<08:43, 3.38MB/s]
  0%|          | 2.62M/1.77G [00:00<02:36, 11.3MB/s]
  0%|          | 8.39M/1.77G [00:00<01:01, 28.8MB/s]
  1%|          | 12.1M/1.77G [00:00<01:01, 28.3MB/s]
  1%|          | 15.2M/1.77G [00:00<01:05, 26.6MB/s]
  1%|          | 18.9M/1.77G [00:00<00:59, 29.4MB/s]
  1%|          | 22.0M/1.77G [00:00<01:19, 22.1MB/s]
  1%|▏         | 25.7M/1.77G [00:01<01:27, 19.8MB/s]
  2%|▏         | 30.9M/1.77G [00:01<01:07, 25.7MB/s]
  2%|▏         | 34.1M/1.77G [00:01<01:22, 21.0MB/s]
  2%|▏         | 36.7M/1.77G [00:02<02:20, 12.3MB/s]
  2%|▏         | 38.8M/1.77G [00:02<02:25, 11.9MB/s]
  2%|▏         | 44.0M/1.77G [00:02<01:50, 15.7MB/s]
  3%|▎         | 48.8M/1.77G [00:02<01:25, 20.1MB/s]
  3%|▎         | 51.9M/1.77G [00:02<01:20, 21.4MB/s]
  3%|▎         | 55.1M/1.77G [00:02<01:14, 22.9MB/s]
  3%|▎         | 60.8M/1.77G [00:02<00:56, 30.1MB/s]
  4%|▎         | 65.0M/1.77G [00:02<00:52, 32.1MB/s]
  4%|▍         | 68.7M/1.77G [00:03<00:57, 29.4MB/s]
  4%|▍         | 74.4M/1.77G [00:03<00:48, 35.0MB/s]
  5%|▍         | 79.7M/1.77G [00:03<00:43, 39.0MB/s]
  5%|▍         | 83.9M/1.77G [00:03<00:46, 35.9MB/s]
  5%|▍         | 88.1M/1.77G [00:03<01:03, 26.5MB/s]
  5%|▌         | 92.8M/1.77G [00:03<00:55, 30.0MB/s]
  5%|▌         | 96.5M/1.77G [00:03<00:53, 31.2MB/s]
  6%|▌         | 101M/1.77G [00:04<00:51, 32.2MB/s] 
  6%|▌         | 106M/1.77G [00:04<00:43, 38.0MB/s]
  6%|▋         | 111M/1.77G [00:04<00:53, 31.2MB/s]
  7%|▋         | 116M/1.77G [00:04<00:46, 35.5MB/s]
  7%|▋         | 120M/1.77G [00:04<00:47, 34.7MB/s]
  7%|▋         | 124M/1.77G [00:04<00:50, 32.7MB/s]
  7%|▋         | 128M/1.77G [00:04<00:49, 32.9MB/s]
  8%|▊         | 133M/1.77G [00:05<00:49, 33.3MB/s]
  8%|▊         | 137M/1.77G [00:05<00:44, 36.2MB/s]
  8%|▊         | 142M/1.77G [00:05<00:47, 34.1MB/s]
  8%|▊         | 146M/1.77G [00:05<00:44, 36.7MB/s]
  9%|▊         | 151M/1.77G [00:05<00:41, 39.4MB/s]
  9%|▉         | 155M/1.77G [00:05<00:51, 31.0MB/s]
  9%|▉         | 160M/1.77G [00:05<00:46, 34.2MB/s]
  9%|▉         | 164M/1.77G [00:05<00:49, 32.4MB/s]
 10%|▉         | 169M/1.77G [00:06<00:44, 35.8MB/s]
 10%|▉         | 173M/1.77G [00:06<00:43, 36.8MB/s]
 10%|█         | 177M/1.77G [00:06<00:42, 37.2MB/s]
 10%|█         | 181M/1.77G [00:06<00:42, 37.2MB/s]
 10%|█         | 186M/1.77G [00:06<00:42, 37.0MB/s]
 11%|█         | 190M/1.77G [00:06<00:42, 37.1MB/s]
 11%|█         | 195M/1.77G [00:06<00:39, 39.7MB/s]
 11%|█▏        | 200M/1.77G [00:06<00:37, 42.3MB/s]
 12%|█▏        | 205M/1.77G [00:06<00:42, 36.7MB/s]
 12%|█▏        | 209M/1.77G [00:07<00:50, 31.1MB/s]
 12%|█▏        | 213M/1.77G [00:07<00:48, 31.7MB/s]
 12%|█▏        | 217M/1.77G [00:07<00:46, 33.3MB/s]
 12%|█▏        | 221M/1.77G [00:07<01:00, 25.6MB/s]
 13%|█▎        | 226M/1.77G [00:07<00:49, 31.0MB/s]
 13%|█▎        | 230M/1.77G [00:07<00:52, 29.4MB/s]
 13%|█▎        | 234M/1.77G [00:08<00:51, 29.7MB/s]
 13%|█▎        | 238M/1.77G [00:08<00:49, 31.1MB/s]
 14%|█▎        | 242M/1.77G [00:08<00:43, 34.9MB/s]
 14%|█▍        | 246M/1.77G [00:08<01:14, 20.3MB/s]
 14%|█▍        | 253M/1.77G [00:08<00:55, 27.5MB/s]
 15%|█▍        | 257M/1.77G [00:09<01:15, 20.0MB/s]
 15%|█▍        | 263M/1.77G [00:09<00:56, 26.6MB/s]
 15%|█▌        | 267M/1.77G [00:09<00:57, 26.1MB/s]
 15%|█▌        | 272M/1.77G [00:09<01:13, 20.4MB/s]
 16%|█▌        | 276M/1.77G [00:09<01:02, 23.8MB/s]
 16%|█▌        | 280M/1.77G [00:09<00:55, 26.9MB/s]
 16%|█▌        | 284M/1.77G [00:10<00:52, 28.1MB/s]
 16%|█▋        | 288M/1.77G [00:10<00:48, 30.6MB/s]
 16%|█▋        | 292M/1.77G [00:10<00:51, 28.9MB/s]
 17%|█▋        | 295M/1.77G [00:10<01:17, 19.0MB/s]
 17%|█▋        | 302M/1.77G [00:10<00:53, 27.3MB/s]
 17%|█▋        | 306M/1.77G [00:11<01:15, 19.4MB/s]
 18%|█▊        | 311M/1.77G [00:11<01:01, 23.5MB/s]
 18%|█▊        | 317M/1.77G [00:11<01:03, 22.8MB/s]
 18%|█▊        | 320M/1.77G [00:11<01:01, 23.7MB/s]
 18%|█▊        | 325M/1.77G [00:11<00:52, 27.3MB/s]
 19%|█▊        | 328M/1.77G [00:11<01:08, 21.1MB/s]
 19%|█▉        | 333M/1.77G [00:12<00:56, 25.6MB/s]
 19%|█▉        | 337M/1.77G [00:12<01:00, 23.6MB/s]
 19%|█▉        | 341M/1.77G [00:12<00:51, 27.5MB/s]
 20%|█▉        | 345M/1.77G [00:12<01:03, 22.6MB/s]
 20%|█▉        | 348M/1.77G [00:12<01:11, 19.9MB/s]
 20%|█▉        | 353M/1.77G [00:12<00:58, 24.1MB/s]
 20%|██        | 357M/1.77G [00:13<00:56, 24.8MB/s]
 20%|██        | 362M/1.77G [00:13<00:48, 28.8MB/s]
 21%|██        | 366M/1.77G [00:13<01:03, 22.0MB/s]
 21%|██        | 371M/1.77G [00:13<00:52, 26.5MB/s]
 21%|██▏       | 376M/1.77G [00:13<00:50, 27.6MB/s]
 21%|██▏       | 380M/1.77G [00:13<00:50, 27.4MB/s]
 22%|██▏       | 387M/1.77G [00:14<00:41, 33.0MB/s]
 22%|██▏       | 391M/1.77G [00:14<00:51, 26.8MB/s]
 22%|██▏       | 394M/1.77G [00:14<01:24, 16.2MB/s]
 23%|██▎       | 398M/1.77G [00:14<01:06, 20.5MB/s]
 23%|██▎       | 402M/1.77G [00:15<01:14, 18.4MB/s]
 23%|██▎       | 405M/1.77G [00:15<01:07, 20.1MB/s]
 23%|██▎       | 411M/1.77G [00:15<00:52, 25.6MB/s]
 23%|██▎       | 414M/1.77G [00:15<00:56, 24.0MB/s]
 24%|██▎       | 418M/1.77G [00:15<00:50, 26.5MB/s]
 24%|██▍       | 422M/1.77G [00:15<00:48, 28.0MB/s]
 24%|██▍       | 426M/1.77G [00:16<00:58, 22.8MB/s]
 24%|██▍       | 429M/1.77G [00:16<01:12, 18.5MB/s]
 25%|██▍       | 435M/1.77G [00:16<00:51, 26.1MB/s]
 25%|██▍       | 439M/1.77G [00:16<00:46, 28.9MB/s]
 25%|██▌       | 443M/1.77G [00:16<00:55, 23.9MB/s]
 25%|██▌       | 447M/1.77G [00:16<00:48, 27.3MB/s]
 26%|██▌       | 451M/1.77G [00:16<00:43, 30.2MB/s]
 26%|██▌       | 455M/1.77G [00:17<00:50, 26.0MB/s]
 26%|██▌       | 458M/1.77G [00:17<01:14, 17.7MB/s]
 26%|██▌       | 464M/1.77G [00:17<00:53, 24.2MB/s]
 26%|██▋       | 468M/1.77G [00:17<00:55, 23.3MB/s]
 27%|██▋       | 472M/1.77G [00:17<00:49, 26.3MB/s]
 27%|██▋       | 476M/1.77G [00:18<01:09, 18.5MB/s]
 27%|██▋       | 482M/1.77G [00:18<00:48, 26.6MB/s]
 28%|██▊       | 487M/1.77G [00:18<01:16, 16.7MB/s]
 28%|██▊       | 490M/1.77G [00:19<01:15, 16.8MB/s]
 28%|██▊       | 492M/1.77G [00:19<01:42, 12.4MB/s]
 28%|██▊       | 499M/1.77G [00:19<01:08, 18.6MB/s]
 28%|██▊       | 503M/1.77G [00:19<00:59, 21.3MB/s]
 29%|██▊       | 506M/1.77G [00:19<01:06, 19.0MB/s]
 29%|██▉       | 513M/1.77G [00:20<00:48, 26.0MB/s]
 29%|██▉       | 517M/1.77G [00:20<00:51, 24.3MB/s]
 29%|██▉       | 521M/1.77G [00:20<00:45, 27.4MB/s]
 30%|██▉       | 526M/1.77G [00:20<00:53, 23.1MB/s]
 30%|██▉       | 530M/1.77G [00:20<00:47, 26.3MB/s]
 30%|███       | 535M/1.77G [00:20<00:40, 30.1MB/s]
 30%|███       | 538M/1.77G [00:21<01:17, 15.9MB/s]
 31%|███       | 544M/1.77G [00:21<00:58, 20.8MB/s]
 31%|███       | 548M/1.77G [00:21<00:51, 23.8MB/s]
 31%|███       | 552M/1.77G [00:21<00:57, 21.2MB/s]
 31%|███▏      | 557M/1.77G [00:21<00:47, 25.7MB/s]
 32%|███▏      | 561M/1.77G [00:22<00:42, 28.5MB/s]
 32%|███▏      | 565M/1.77G [00:22<00:49, 24.5MB/s]
 32%|███▏      | 568M/1.77G [00:22<00:44, 26.8MB/s]
 32%|███▏      | 573M/1.77G [00:22<00:43, 27.6MB/s]
 33%|███▎      | 577M/1.77G [00:22<00:37, 31.6MB/s]
 33%|███▎      | 582M/1.77G [00:22<00:32, 36.3MB/s]
 33%|███▎      | 587M/1.77G [00:22<00:35, 32.8MB/s]
 33%|███▎      | 590M/1.77G [00:22<00:38, 30.8MB/s]
 34%|███▎      | 595M/1.77G [00:23<00:35, 33.3MB/s]
 34%|███▍      | 598M/1.77G [00:23<00:34, 33.7MB/s]
 34%|███▍      | 602M/1.77G [00:23<00:35, 33.2MB/s]
 34%|███▍      | 606M/1.77G [00:23<00:47, 24.2MB/s]
 35%|███▍      | 611M/1.77G [00:23<00:41, 27.8MB/s]
 35%|███▍      | 614M/1.77G [00:23<00:47, 24.3MB/s]
 35%|███▍      | 617M/1.77G [00:24<00:46, 24.6MB/s]
 35%|███▌      | 621M/1.77G [00:24<00:43, 26.7MB/s]
 35%|███▌      | 624M/1.77G [00:24<00:46, 24.8MB/s]
 35%|███▌      | 628M/1.77G [00:24<00:44, 25.8MB/s]
 36%|███▌      | 631M/1.77G [00:24<00:44, 25.4MB/s]
 36%|███▌      | 636M/1.77G [00:24<00:48, 23.2MB/s]
 36%|███▌      | 641M/1.77G [00:24<00:46, 24.3MB/s]
 36%|███▋      | 645M/1.77G [00:25<00:40, 27.8MB/s]
 37%|███▋      | 649M/1.77G [00:25<00:37, 29.6MB/s]
 37%|███▋      | 652M/1.77G [00:25<01:10, 15.9MB/s]
 37%|███▋      | 657M/1.77G [00:25<00:54, 20.5MB/s]
 37%|███▋      | 661M/1.77G [00:25<00:45, 24.1MB/s]
 38%|███▊      | 665M/1.77G [00:26<00:46, 23.8MB/s]
 38%|███▊      | 669M/1.77G [00:26<00:40, 26.8MB/s]
 38%|███▊      | 673M/1.77G [00:26<01:12, 15.1MB/s]
 38%|███▊      | 679M/1.77G [00:26<00:48, 22.5MB/s]
 39%|███▊      | 685M/1.77G [00:27<00:50, 21.6MB/s]
 39%|███▉      | 690M/1.77G [00:27<00:39, 27.2MB/s]
 39%|███▉      | 695M/1.77G [00:27<00:50, 21.2MB/s]
 40%|███▉      | 699M/1.77G [00:27<00:45, 23.4MB/s]
 40%|███▉      | 704M/1.77G [00:27<00:38, 27.5MB/s]
 40%|████      | 708M/1.77G [00:27<00:42, 25.0MB/s]
 40%|████      | 712M/1.77G [00:27<00:37, 27.9MB/s]
 41%|████      | 716M/1.77G [00:28<00:42, 24.6MB/s]
 41%|████      | 720M/1.77G [00:28<00:38, 27.0MB/s]
 41%|████      | 725M/1.77G [00:28<00:35, 29.6MB/s]
 41%|████      | 729M/1.77G [00:28<00:36, 28.1MB/s]
 41%|████▏     | 733M/1.77G [00:28<00:35, 29.0MB/s]
 42%|████▏     | 738M/1.77G [00:28<00:31, 33.0MB/s]
 42%|████▏     | 741M/1.77G [00:29<00:38, 26.7MB/s]
 42%|████▏     | 744M/1.77G [00:29<00:40, 25.4MB/s]
 42%|████▏     | 750M/1.77G [00:29<00:37, 27.1MB/s]
 43%|████▎     | 753M/1.77G [00:29<00:42, 24.0MB/s]
 43%|████▎     | 757M/1.77G [00:29<00:38, 26.3MB/s]
 43%|████▎     | 761M/1.77G [00:29<00:33, 29.6MB/s]
 43%|████▎     | 765M/1.77G [00:30<00:46, 21.5MB/s]
 44%|████▎     | 770M/1.77G [00:30<00:37, 26.3MB/s]
 44%|████▍     | 774M/1.77G [00:30<00:46, 21.3MB/s]
 44%|████▍     | 777M/1.77G [00:30<00:44, 22.4MB/s]
 44%|████▍     | 782M/1.77G [00:30<00:35, 27.8MB/s]
 44%|████▍     | 786M/1.77G [00:30<00:34, 28.9MB/s]
 45%|████▍     | 790M/1.77G [00:31<00:48, 20.1MB/s]
 45%|████▍     | 793M/1.77G [00:31<00:57, 17.1MB/s]
 45%|████▌     | 797M/1.77G [00:31<00:46, 20.7MB/s]
 45%|████▌     | 800M/1.77G [00:31<00:46, 20.6MB/s]
 45%|████▌     | 803M/1.77G [00:31<00:46, 20.5MB/s]
 46%|████▌     | 805M/1.77G [00:31<00:49, 19.3MB/s]
 46%|████▌     | 808M/1.77G [00:32<01:00, 15.8MB/s]
 46%|████▌     | 811M/1.77G [00:32<00:57, 16.6MB/s]
 46%|████▌     | 813M/1.77G [00:32<01:03, 15.0MB/s]
 46%|████▌     | 815M/1.77G [00:32<01:13, 13.0MB/s]
 46%|████▌     | 816M/1.77G [00:32<01:15, 12.7MB/s]
 46%|████▋     | 818M/1.77G [00:33<01:26, 11.0MB/s]
 46%|████▋     | 819M/1.77G [00:33<01:46, 8.93MB/s]
 46%|████▋     | 821M/1.77G [00:33<02:12, 7.18MB/s]
 46%|████▋     | 822M/1.77G [00:33<02:04, 7.61MB/s]
 47%|████▋     | 823M/1.77G [00:33<02:09, 7.31MB/s]
 47%|████▋     | 824M/1.77G [00:34<02:25, 6.47MB/s]
 47%|████▋     | 825M/1.77G [00:34<02:43, 5.78MB/s]
 47%|████▋     | 826M/1.77G [00:34<03:45, 4.18MB/s]
 47%|████▋     | 827M/1.77G [00:35<03:40, 4.27MB/s]
 47%|████▋     | 827M/1.77G [00:35<03:50, 4.08MB/s]
 47%|████▋     | 828M/1.77G [00:35<03:51, 4.06MB/s]
 47%|████▋     | 829M/1.77G [00:35<04:38, 3.37MB/s]
 47%|████▋     | 829M/1.77G [00:35<04:58, 3.15MB/s]
 47%|████▋     | 830M/1.77G [00:36<05:54, 2.65MB/s]
 47%|████▋     | 830M/1.77G [00:36<05:30, 2.84MB/s]
 47%|████▋     | 831M/1.77G [00:36<06:18, 2.47MB/s]
 47%|████▋     | 832M/1.77G [00:36<06:46, 2.30MB/s]
 47%|████▋     | 832M/1.77G [00:37<08:38, 1.80MB/s]
 47%|████▋     | 833M/1.77G [00:37<08:04, 1.93MB/s]
 47%|████▋     | 833M/1.77G [00:37<08:10, 1.90MB/s]
 47%|████▋     | 834M/1.77G [00:38<08:47, 1.77MB/s]
 47%|████▋     | 834M/1.77G [00:38<09:37, 1.62MB/s]
 47%|████▋     | 835M/1.77G [00:38<09:08, 1.70MB/s]
 47%|████▋     | 835M/1.77G [00:39<09:12, 1.69MB/s]
 47%|████▋     | 836M/1.77G [00:39<10:35, 1.47MB/s]
 47%|████▋     | 836M/1.77G [00:40<15:32, 999kB/s] 
 47%|████▋     | 837M/1.77G [00:41<17:21, 894kB/s]
 47%|████▋     | 837M/1.77G [00:42<21:03, 737kB/s]
 47%|████▋     | 838M/1.77G [00:43<27:22, 566kB/s]
 47%|████▋     | 838M/1.77G [00:47<56:40, 273kB/s]
 47%|████▋     | 839M/1.77G [00:53<1:28:20, 175kB/s]
 47%|████▋     | 839M/1.77G [00:58<1:43:59, 149kB/s]
 48%|████▊     | 840M/1.77G [00:58<1:17:43, 199kB/s]
 48%|████▊     | 840M/1.77G [00:59<59:18, 261kB/s]  
 48%|████▊     | 841M/1.77G [00:59<45:12, 342kB/s]
 48%|████▊     | 841M/1.77G [01:00<34:22, 449kB/s]
 48%|████▊     | 842M/1.77G [01:00<27:00, 571kB/s]
 48%|████▊     | 843M/1.77G [01:00<22:01, 700kB/s]
 48%|████▊     | 843M/1.77G [01:01<18:41, 825kB/s]
 48%|████▊     | 844M/1.77G [01:01<15:12, 1.01MB/s]
 48%|████▊     | 844M/1.77G [01:01<11:46, 1.31MB/s]
 48%|████▊     | 845M/1.77G [01:01<07:21, 2.09MB/s]
 48%|████▊     | 847M/1.77G [01:01<04:19, 3.55MB/s]
 48%|████▊     | 849M/1.77G [01:01<02:37, 5.83MB/s]
 48%|████▊     | 851M/1.77G [01:02<01:52, 8.17MB/s]
 48%|████▊     | 853M/1.77G [01:02<01:28, 10.4MB/s]
 48%|████▊     | 855M/1.77G [01:02<01:43, 8.78MB/s]
 48%|████▊     | 857M/1.77G [01:02<01:55, 7.87MB/s]
 49%|████▊     | 858M/1.77G [01:02<01:51, 8.15MB/s]
 49%|████▊     | 859M/1.77G [01:03<02:21, 6.42MB/s]
 49%|████▊     | 861M/1.77G [01:03<02:05, 7.22MB/s]
 49%|████▉     | 862M/1.77G [01:03<01:49, 8.27MB/s]
 49%|████▉     | 864M/1.77G [01:03<02:18, 6.52MB/s]
 49%|████▉     | 865M/1.77G [01:03<02:15, 6.66MB/s]
 49%|████▉     | 867M/1.77G [01:04<01:55, 7.77MB/s]
 49%|████▉     | 868M/1.77G [01:04<02:28, 6.08MB/s]
 49%|████▉     | 869M/1.77G [01:04<02:05, 7.18MB/s]
 49%|████▉     | 870M/1.77G [01:04<02:05, 7.18MB/s]
 49%|████▉     | 872M/1.77G [01:05<02:43, 5.48MB/s]
 49%|████▉     | 874M/1.77G [01:05<02:39, 5.61MB/s]
 50%|████▉     | 877M/1.77G [01:05<01:47, 8.26MB/s]
 50%|████▉     | 878M/1.77G [01:05<02:00, 7.37MB/s]
 50%|████▉     | 881M/1.77G [01:05<01:21, 10.9MB/s]
 50%|████▉     | 883M/1.77G [01:06<02:13, 6.61MB/s]
 50%|█████     | 885M/1.77G [01:06<02:08, 6.85MB/s]
 50%|█████     | 888M/1.77G [01:07<01:55, 7.61MB/s]
 50%|█████     | 889M/1.77G [01:07<02:14, 6.56MB/s]
 50%|█████     | 890M/1.77G [01:08<03:27, 4.23MB/s]
 50%|█████     | 891M/1.77G [01:09<05:38, 2.59MB/s]
 50%|█████     | 892M/1.77G [01:09<07:34, 1.93MB/s]
 50%|█████     | 892M/1.77G [01:10<11:14, 1.30MB/s]
 51%|█████     | 893M/1.77G [01:12<18:46, 777kB/s] 
 51%|█████     | 893M/1.77G [01:14<26:04, 559kB/s]
 51%|█████     | 894M/1.77G [01:16<33:22, 436kB/s]
 51%|█████     | 894M/1.77G [01:17<29:02, 501kB/s]
 51%|█████     | 895M/1.77G [01:17<24:36, 591kB/s]
 51%|█████     | 895M/1.77G [01:18<21:15, 684kB/s]
 51%|█████     | 896M/1.77G [01:18<18:31, 785kB/s]
 51%|█████     | 897M/1.77G [01:19<16:18, 891kB/s]
 51%|█████     | 897M/1.77G [01:19<14:46, 983kB/s]
 51%|█████     | 898M/1.77G [01:19<13:22, 1.08MB/s]
 51%|█████     | 898M/1.77G [01:20<11:13, 1.29MB/s]
 51%|█████     | 899M/1.77G [01:20<08:51, 1.64MB/s]
 51%|█████     | 900M/1.77G [01:20<05:40, 2.55MB/s]
 51%|█████     | 901M/1.77G [01:20<03:29, 4.14MB/s]
 51%|█████     | 903M/1.77G [01:20<02:13, 6.47MB/s]
 51%|█████     | 905M/1.77G [01:20<01:47, 8.06MB/s]
 51%|█████▏    | 906M/1.77G [01:20<01:29, 9.58MB/s]
 51%|█████▏    | 908M/1.77G [01:20<01:18, 10.9MB/s]
 51%|█████▏    | 910M/1.77G [01:21<01:29, 9.57MB/s]
 52%|█████▏    | 911M/1.77G [01:21<01:40, 8.54MB/s]
 52%|█████▏    | 913M/1.77G [01:21<01:59, 7.14MB/s]
 52%|█████▏    | 914M/1.77G [01:21<01:40, 8.52MB/s]
 52%|█████▏    | 916M/1.77G [01:21<01:52, 7.61MB/s]
 52%|█████▏    | 917M/1.77G [01:22<02:15, 6.27MB/s]
 52%|█████▏    | 919M/1.77G [01:22<01:50, 7.72MB/s]
 52%|█████▏    | 920M/1.77G [01:22<01:59, 7.08MB/s]
 52%|█████▏    | 921M/1.77G [01:22<02:10, 6.51MB/s]
 52%|█████▏    | 923M/1.77G [01:22<01:45, 8.01MB/s]
 52%|█████▏    | 924M/1.77G [01:23<02:36, 5.40MB/s]
 52%|█████▏    | 925M/1.77G [01:23<03:33, 3.94MB/s]
 52%|█████▏    | 927M/1.77G [01:24<02:56, 4.76MB/s]
 53%|█████▎    | 930M/1.77G [01:24<02:17, 6.11MB/s]
 53%|█████▎    | 932M/1.77G [01:24<01:51, 7.48MB/s]
 53%|█████▎    | 934M/1.77G [01:24<01:38, 8.46MB/s]
 53%|█████▎    | 936M/1.77G [01:24<01:29, 9.26MB/s]
 53%|█████▎    | 938M/1.77G [01:25<01:24, 9.78MB/s]
 53%|█████▎    | 940M/1.77G [01:25<01:14, 11.1MB/s]
 53%|█████▎    | 942M/1.77G [01:25<01:14, 11.1MB/s]
 53%|█████▎    | 944M/1.77G [01:25<01:12, 11.3MB/s]
 54%|█████▎    | 947M/1.77G [01:25<01:00, 13.5MB/s]
 54%|█████▎    | 948M/1.77G [01:25<01:17, 10.5MB/s]
 54%|█████▍    | 951M/1.77G [01:26<01:03, 12.9MB/s]
 54%|█████▍    | 953M/1.77G [01:26<01:18, 10.3MB/s]
 54%|█████▍    | 955M/1.77G [01:26<01:06, 12.2MB/s]
 54%|█████▍    | 957M/1.77G [01:26<00:56, 14.5MB/s]
 54%|█████▍    | 959M/1.77G [01:26<00:56, 14.4MB/s]
 54%|█████▍    | 962M/1.77G [01:26<00:49, 16.2MB/s]
 55%|█████▍    | 965M/1.77G [01:26<00:44, 17.9MB/s]
 55%|█████▍    | 967M/1.77G [01:27<00:41, 19.1MB/s]
 55%|█████▍    | 970M/1.77G [01:27<00:39, 20.0MB/s]
 55%|█████▍    | 972M/1.77G [01:27<00:44, 17.9MB/s]
 55%|█████▌    | 975M/1.77G [01:27<00:41, 19.1MB/s]
 55%|█████▌    | 977M/1.77G [01:27<00:39, 20.3MB/s]
 55%|█████▌    | 979M/1.77G [01:27<00:40, 19.6MB/s]
 56%|█████▌    | 981M/1.77G [01:28<00:59, 13.2MB/s]
 56%|█████▌    | 984M/1.77G [01:28<00:51, 15.3MB/s]
 56%|█████▌    | 986M/1.77G [01:28<00:58, 13.4MB/s]
 56%|█████▌    | 989M/1.77G [01:28<00:50, 15.4MB/s]
 56%|█████▌    | 991M/1.77G [01:28<00:44, 17.3MB/s]
 56%|█████▌    | 994M/1.77G [01:28<00:41, 18.8MB/s]
 56%|█████▋    | 996M/1.77G [01:29<01:17, 9.98MB/s]
 56%|█████▋    | 999M/1.77G [01:29<01:02, 12.2MB/s]
 57%|█████▋    | 1.00G/1.77G [01:29<00:53, 14.4MB/s]
 57%|█████▋    | 1.00G/1.77G [01:29<00:45, 16.7MB/s]
 57%|█████▋    | 1.01G/1.77G [01:29<00:38, 19.9MB/s]
 57%|█████▋    | 1.01G/1.77G [01:29<00:41, 18.1MB/s]
 57%|█████▋    | 1.01G/1.77G [01:29<00:32, 23.0MB/s]
 58%|█████▊    | 1.02G/1.77G [01:30<00:32, 22.9MB/s]
 58%|█████▊    | 1.02G/1.77G [01:30<00:26, 28.1MB/s]
 58%|█████▊    | 1.03G/1.77G [01:30<00:26, 28.3MB/s]
 58%|█████▊    | 1.03G/1.77G [01:30<00:29, 25.0MB/s]
 58%|█████▊    | 1.03G/1.77G [01:30<00:27, 26.7MB/s]
 59%|█████▊    | 1.04G/1.77G [01:30<00:28, 26.0MB/s]
 59%|█████▉    | 1.04G/1.77G [01:30<00:30, 24.2MB/s]
 59%|█████▉    | 1.05G/1.77G [01:30<00:23, 31.1MB/s]
 59%|█████▉    | 1.05G/1.77G [01:31<00:27, 25.9MB/s]
 60%|█████▉    | 1.05G/1.77G [01:31<00:24, 29.0MB/s]
 60%|█████▉    | 1.06G/1.77G [01:31<00:29, 24.0MB/s]
 60%|█████▉    | 1.06G/1.77G [01:31<00:30, 23.3MB/s]
 60%|██████    | 1.07G/1.77G [01:31<00:23, 30.2MB/s]
 61%|██████    | 1.07G/1.77G [01:31<00:23, 29.5MB/s]
 61%|██████    | 1.07G/1.77G [01:31<00:21, 32.2MB/s]
 61%|██████    | 1.08G/1.77G [01:32<00:20, 33.9MB/s]
 61%|██████▏   | 1.08G/1.77G [01:32<00:22, 30.9MB/s]
 62%|██████▏   | 1.09G/1.77G [01:32<00:19, 35.6MB/s]
 62%|██████▏   | 1.09G/1.77G [01:32<00:20, 33.6MB/s]
 62%|██████▏   | 1.10G/1.77G [01:32<00:16, 40.6MB/s]
 62%|██████▏   | 1.10G/1.77G [01:32<00:22, 29.9MB/s]
 63%|██████▎   | 1.11G/1.77G [01:33<00:18, 36.3MB/s]
 63%|██████▎   | 1.12G/1.77G [01:33<00:21, 30.4MB/s]
 63%|██████▎   | 1.12G/1.77G [01:33<00:25, 25.6MB/s]
 64%|██████▎   | 1.12G/1.77G [01:33<00:21, 30.6MB/s]
 64%|██████▍   | 1.13G/1.77G [01:33<00:18, 34.0MB/s]
 64%|██████▍   | 1.14G/1.77G [01:33<00:16, 38.8MB/s]
 64%|██████▍   | 1.14G/1.77G [01:33<00:17, 36.6MB/s]
 65%|██████▍   | 1.14G/1.77G [01:34<00:18, 33.4MB/s]
 65%|██████▌   | 1.15G/1.77G [01:34<00:15, 40.2MB/s]
 65%|██████▌   | 1.16G/1.77G [01:34<00:15, 40.7MB/s]
 66%|██████▌   | 1.16G/1.77G [01:34<00:14, 41.6MB/s]
 66%|██████▌   | 1.16G/1.77G [01:34<00:14, 40.3MB/s]
 66%|██████▌   | 1.17G/1.77G [01:34<00:15, 38.9MB/s]
 66%|██████▋   | 1.17G/1.77G [01:34<00:13, 43.6MB/s]
 67%|██████▋   | 1.18G/1.77G [01:34<00:15, 38.3MB/s]
 67%|██████▋   | 1.18G/1.77G [01:35<00:16, 34.5MB/s]
 67%|██████▋   | 1.19G/1.77G [01:35<00:14, 41.2MB/s]
 68%|██████▊   | 1.19G/1.77G [01:35<00:13, 43.4MB/s]
 68%|██████▊   | 1.20G/1.77G [01:35<00:14, 38.5MB/s]
 68%|██████▊   | 1.21G/1.77G [01:35<00:12, 44.4MB/s]
 69%|██████▊   | 1.21G/1.77G [01:35<00:15, 35.6MB/s]
 69%|██████▉   | 1.22G/1.77G [01:35<00:13, 39.9MB/s]
 69%|██████▉   | 1.22G/1.77G [01:35<00:12, 44.0MB/s]
 69%|██████▉   | 1.23G/1.77G [01:36<00:13, 40.0MB/s]
 70%|██████▉   | 1.23G/1.77G [01:36<00:12, 41.3MB/s]
 70%|██████▉   | 1.24G/1.77G [01:36<00:12, 41.7MB/s]
 70%|███████   | 1.24G/1.77G [01:36<00:12, 42.1MB/s]
 71%|███████   | 1.25G/1.77G [01:36<00:12, 42.0MB/s]
 71%|███████   | 1.25G/1.77G [01:36<00:11, 44.5MB/s]
 71%|███████   | 1.26G/1.77G [01:36<00:12, 39.4MB/s]
 71%|███████▏  | 1.26G/1.77G [01:36<00:11, 44.9MB/s]
 72%|███████▏  | 1.27G/1.77G [01:37<00:10, 47.3MB/s]
 72%|███████▏  | 1.27G/1.77G [01:37<00:10, 46.6MB/s]
 72%|███████▏  | 1.28G/1.77G [01:37<00:09, 49.4MB/s]
 73%|███████▎  | 1.29G/1.77G [01:37<00:09, 48.7MB/s]
 73%|███████▎  | 1.29G/1.77G [01:37<00:09, 48.4MB/s]
 73%|███████▎  | 1.30G/1.77G [01:37<00:09, 48.9MB/s]
 74%|███████▎  | 1.30G/1.77G [01:37<00:09, 48.7MB/s]
 74%|███████▍  | 1.31G/1.77G [01:37<00:09, 46.0MB/s]
 74%|███████▍  | 1.31G/1.77G [01:37<00:09, 49.8MB/s]
 75%|███████▍  | 1.32G/1.77G [01:38<00:09, 48.6MB/s]
 75%|███████▍  | 1.33G/1.77G [01:38<00:08, 50.7MB/s]
 75%|███████▌  | 1.33G/1.77G [01:38<00:08, 49.3MB/s]
 76%|███████▌  | 1.34G/1.77G [01:38<00:09, 44.7MB/s]
 76%|███████▌  | 1.34G/1.77G [01:38<00:09, 43.8MB/s]
 76%|███████▌  | 1.35G/1.77G [01:38<00:08, 48.3MB/s]
 76%|███████▋  | 1.35G/1.77G [01:38<00:09, 44.1MB/s]
 77%|███████▋  | 1.36G/1.77G [01:38<00:08, 47.2MB/s]
 77%|███████▋  | 1.36G/1.77G [01:39<00:12, 31.7MB/s]
 77%|███████▋  | 1.37G/1.77G [01:39<00:11, 34.1MB/s]
 78%|███████▊  | 1.37G/1.77G [01:39<00:10, 37.7MB/s]
 78%|███████▊  | 1.38G/1.77G [01:39<00:09, 39.3MB/s]
 78%|███████▊  | 1.38G/1.77G [01:39<00:09, 39.3MB/s]
 79%|███████▊  | 1.39G/1.77G [01:39<00:13, 27.2MB/s]
 79%|███████▉  | 1.39G/1.77G [01:40<00:10, 34.0MB/s]
 79%|███████▉  | 1.40G/1.77G [01:40<00:10, 34.1MB/s]
 79%|███████▉  | 1.40G/1.77G [01:40<00:12, 28.3MB/s]
 80%|███████▉  | 1.41G/1.77G [01:40<00:12, 27.7MB/s]
 80%|████████  | 1.42G/1.77G [01:40<00:11, 31.1MB/s]
 80%|████████  | 1.42G/1.77G [01:40<00:12, 29.0MB/s]
 81%|████████  | 1.42G/1.77G [01:41<00:12, 27.6MB/s]
 81%|████████  | 1.43G/1.77G [01:41<00:12, 28.0MB/s]
 81%|████████  | 1.43G/1.77G [01:41<00:13, 25.4MB/s]
 81%|████████  | 1.43G/1.77G [01:41<00:14, 23.3MB/s]
 81%|████████▏ | 1.44G/1.77G [01:41<00:12, 26.9MB/s]
 82%|████████▏ | 1.44G/1.77G [01:41<00:13, 24.8MB/s]
 82%|████████▏ | 1.45G/1.77G [01:42<00:13, 24.2MB/s]
 82%|████████▏ | 1.45G/1.77G [01:42<00:10, 31.5MB/s]
 82%|████████▏ | 1.46G/1.77G [01:42<00:09, 34.3MB/s]
 83%|████████▎ | 1.46G/1.77G [01:42<00:08, 35.4MB/s]
 83%|████████▎ | 1.47G/1.77G [01:42<00:08, 35.5MB/s]
 83%|████████▎ | 1.47G/1.77G [01:43<00:18, 16.4MB/s]
 83%|████████▎ | 1.47G/1.77G [01:43<00:13, 22.0MB/s]
 84%|████████▎ | 1.48G/1.77G [01:43<00:11, 24.2MB/s]
 84%|████████▍ | 1.48G/1.77G [01:43<00:09, 29.1MB/s]
 84%|████████▍ | 1.49G/1.77G [01:43<00:09, 30.3MB/s]
 84%|████████▍ | 1.49G/1.77G [01:43<00:10, 25.2MB/s]
 85%|████████▍ | 1.50G/1.77G [01:43<00:08, 31.1MB/s]
 85%|████████▌ | 1.51G/1.77G [01:44<00:07, 37.2MB/s]
 85%|████████▌ | 1.51G/1.77G [01:44<00:10, 24.2MB/s]
 86%|████████▌ | 1.52G/1.77G [01:44<00:07, 31.5MB/s]
 86%|████████▌ | 1.52G/1.77G [01:44<00:10, 22.6MB/s]
 86%|████████▋ | 1.53G/1.77G [01:44<00:08, 28.6MB/s]
 87%|████████▋ | 1.53G/1.77G [01:45<00:07, 33.0MB/s]
 87%|████████▋ | 1.54G/1.77G [01:45<00:07, 29.9MB/s]
 87%|████████▋ | 1.54G/1.77G [01:45<00:06, 33.1MB/s]
 88%|████████▊ | 1.55G/1.77G [01:45<00:06, 33.6MB/s]
 88%|████████▊ | 1.56G/1.77G [01:45<00:05, 40.5MB/s]
 88%|████████▊ | 1.56G/1.77G [01:45<00:07, 28.0MB/s]
 89%|████████▊ | 1.57G/1.77G [01:46<00:06, 33.3MB/s]
 89%|████████▉ | 1.57G/1.77G [01:46<00:05, 36.3MB/s]
 89%|████████▉ | 1.58G/1.77G [01:46<00:05, 33.7MB/s]
 89%|████████▉ | 1.58G/1.77G [01:46<00:05, 33.5MB/s]
 90%|████████▉ | 1.58G/1.77G [01:46<00:06, 29.6MB/s]
 90%|████████▉ | 1.59G/1.77G [01:46<00:07, 25.0MB/s]
 90%|█████████ | 1.59G/1.77G [01:47<00:07, 22.3MB/s]
 90%|█████████ | 1.60G/1.77G [01:47<00:08, 21.4MB/s]
 90%|█████████ | 1.60G/1.77G [01:47<00:06, 25.1MB/s]
 91%|█████████ | 1.60G/1.77G [01:47<00:05, 29.8MB/s]
 91%|█████████ | 1.61G/1.77G [01:47<00:06, 25.6MB/s]
 91%|█████████ | 1.61G/1.77G [01:47<00:05, 30.1MB/s]
 91%|█████████▏| 1.62G/1.77G [01:47<00:04, 32.1MB/s]
 92%|█████████▏| 1.62G/1.77G [01:48<00:07, 19.3MB/s]
 92%|█████████▏| 1.62G/1.77G [01:48<00:06, 20.7MB/s]
 92%|█████████▏| 1.63G/1.77G [01:48<00:05, 24.5MB/s]
 92%|█████████▏| 1.63G/1.77G [01:48<00:06, 21.5MB/s]
 93%|█████████▎| 1.64G/1.77G [01:48<00:05, 26.1MB/s]
 93%|█████████▎| 1.64G/1.77G [01:48<00:04, 30.1MB/s]
 93%|█████████▎| 1.65G/1.77G [01:49<00:03, 32.6MB/s]
 93%|█████████▎| 1.65G/1.77G [01:49<00:03, 31.4MB/s]
 94%|█████████▎| 1.65G/1.77G [01:49<00:04, 25.9MB/s]
 94%|█████████▍| 1.66G/1.77G [01:49<00:03, 28.8MB/s]
 94%|█████████▍| 1.66G/1.77G [01:49<00:04, 24.0MB/s]
 94%|█████████▍| 1.67G/1.77G [01:49<00:03, 29.4MB/s]
 95%|█████████▍| 1.67G/1.77G [01:49<00:03, 32.2MB/s]
 95%|█████████▍| 1.67G/1.77G [01:50<00:03, 29.9MB/s]
 95%|█████████▍| 1.68G/1.77G [01:50<00:02, 33.6MB/s]
 95%|█████████▌| 1.68G/1.77G [01:50<00:03, 21.4MB/s]
 95%|█████████▌| 1.69G/1.77G [01:50<00:03, 21.5MB/s]
 96%|█████████▌| 1.69G/1.77G [01:50<00:02, 27.1MB/s]
 96%|█████████▌| 1.70G/1.77G [01:51<00:02, 26.9MB/s]
 96%|█████████▌| 1.70G/1.77G [01:51<00:02, 28.6MB/s]
 96%|█████████▋| 1.70G/1.77G [01:51<00:03, 17.7MB/s]
 97%|█████████▋| 1.71G/1.77G [01:51<00:02, 22.7MB/s]
 97%|█████████▋| 1.71G/1.77G [01:51<00:02, 22.2MB/s]
 97%|█████████▋| 1.72G/1.77G [01:52<00:02, 20.4MB/s]
 97%|█████████▋| 1.72G/1.77G [01:52<00:01, 25.5MB/s]
 98%|█████████▊| 1.73G/1.77G [01:52<00:01, 28.9MB/s]
 98%|█████████▊| 1.73G/1.77G [01:52<00:01, 28.1MB/s]
 98%|█████████▊| 1.73G/1.77G [01:52<00:01, 32.0MB/s]
 98%|█████████▊| 1.74G/1.77G [01:52<00:00, 36.2MB/s]
 99%|█████████▊| 1.74G/1.77G [01:52<00:00, 37.3MB/s]
 99%|█████████▉| 1.75G/1.77G [01:52<00:00, 28.7MB/s]
 99%|█████████▉| 1.75G/1.77G [01:53<00:00, 33.3MB/s]
 99%|█████████▉| 1.76G/1.77G [01:53<00:00, 33.6MB/s]
100%|█████████▉| 1.76G/1.77G [01:53<00:00, 37.3MB/s]
100%|█████████▉| 1.77G/1.77G [01:53<00:00, 36.4MB/s]
100%|██████████| 1.77G/1.77G [01:53<00:00, 15.6MB/s]

